// Jest Snapshot v1, https://goo.gl/fbAQLP

exports[`Login page structure should match the snapshot 1`] = `undefined`;
